// Jest Snapshot v1, https://goo.gl/fbAQLP

exports[`Card should match the snapshot 1`] = `
<div
  className="Card"
>
  <h3
    className="h3"
    key="name"
  >
    Luke Skywalker
  </h3>
  <p
    className="p--stat"
    key="Species"
  >
    <span
      className="span span--key"
    >
      Species
      :
    </span>
    <span
      className="span span--value"
    >
      Human
    </span>
  </p>
  <p
    className="p--stat"
    key="Homeworld"
  >
    <span
      className="span span--key"
    >
      Homeworld
      :
    </span>
    <span
      className="span span--value"
    >
      some planet
    </span>
  </p>
  <p
    className="p--stat"
    key="Population of some planet"
  >
    <span
      className="span span--key"
    >
      Population of some planet
      :
    </span>
    <span
      className="span span--value"
    >
      5 thousand
    </span>
  </p>
  <p
    className="p--stat"
    key="Year of birth"
  >
    <span
      className="span span--key"
    >
      Year of birth
      :
    </span>
    <span
      className="span span--value"
    >
      19BBY
    </span>
  </p>
  <button
    className="button"
    onClick={[Function]}
  >
    Add to Favorites
  </button>
</div>
`;
