// Jest Snapshot v1, https://goo.gl/fbAQLP

exports[`Card should match the snapshot 1`] = `
<div
  className="Card"
>
  <h3
    className="h3"
    key="name"
  >
    Luke Skywalker
  </h3>
  <p
    className="p--stat"
    key="Species"
  >
    Species
    : 
    Human
  </p>
  <p
    className="p--stat"
    key="Homeworld"
  >
    Homeworld
    : 
    some planet
  </p>
  <p
    className="p--stat"
    key="Population of some planet"
  >
    Population of some planet
    : 
    5 thousand
  </p>
  <button
    className="button"
    onClick={[Function]}
  >
    Add to Favorites
  </button>
</div>
`;
